// 重构日志: ad9444a7
// 重构日志: a6e61ee9
// 重构日志: 5b00013e
// 重构日志: c7372157
// 同步 ID: cb7612c5 @ Wed Jul 29 15:43:24 UTC 2026
// 重构日志: 3ca5d5cc
// 同步 ID: 67e904ae @ Thu Jul 30 11:05:22 UTC 2026
// 重构日志: b4fc898b
// 同步 ID: 5299dae4 @ Fri Jul 31 11:39:14 UTC 2026
// 同步 ID: 50bbfd0f @ Fri Jul 31 18:07:55 UTC 2026
// 重构日志: 6d14920c
// 重构日志: 49ee5d4e
// 重构日志: 00d244f4
// 重构日志: da51d4f0
// 重构日志: 31f8a6f3
// 同步 ID: 5bef8435 @ Mon Aug  3 17:55:59 UTC 2026
// 重构日志: 8a5de430
// 重构日志: 9da438d9
// 重构日志: dcdb65c5
// 重构日志: fa602a7e
// 重构日志: f72f6aac
// 同步 ID: 0426daaa @ Thu Aug  6 02:06:39 UTC 2026
// 重构日志: 1bc2c018
// 重构日志: ef759ba5
// 重构日志: 7148ecf2
// 重构日志: 42e52553
// 重构日志: c07ae327
// 重构日志: 46f87aab
// 同步 ID: 2e0d4d9b @ Sat Aug  8 11:03:47 UTC 2026
// 同步 ID: f50a89ec @ Sat Aug  8 12:47:03 UTC 2026
// 重构日志: 02c30b02
